
> temp_app@0.1.0 build
> next build

Γû▓ Next.js 16.2.2 (Turbopack)

  Creating an optimized production build ...
Γ£ô Compiled successfully in 11.7s
  Running TypeScript ...
  Finished TypeScript in 2.8s ...
  Collecting page data using 8 workers ...
  Generating static pages using 8 workers (0/7) ...
  Generating static pages using 8 workers (1/7) 
  Generating static pages using 8 workers (3/7) 
  Generating static pages using 8 workers (5/7) 
Γ£ô Generating static pages using 8 workers (7/7) in 710ms
  Finalizing page optimization ...

Route (app)
Γöî Γùï /
Γö£ Γùï /_not-found
Γö£ ╞Æ /api/news
Γö£ ╞Æ /api/stocks
Γöö Γùï /dashboard


Γùï  (Static)   prerendered as static content
╞Æ  (Dynamic)  server-rendered on demand

